******************************************************************************
              TMS320C55x Linker PC v4.4.1                      
******************************************************************************
>> Linked Wed Mar 22 12:21:26 2023

OUTPUT FILE NAME:   <group2.out>
ENTRY POINT SYMBOL: "_c_int00"  address: 0001077d


MEMORY CONFIGURATION

         name            origin    length      used     unused   attr    fill
                        (bytes)   (bytes)    (bytes)   (bytes)
----------------------  --------  ---------  --------  --------  ----  --------
  MMR                   00000000   000000c0  00000000  000000c0  RWIX
  DARAM0                000000c0   00001f40  000004a2  00001a9e  RWIX
  DARAM1                00002000   00002000  00000000  00002000  RWIX
  DARAM2                00004000   00002000  00000000  00002000  RWIX
  DARAM3                00006000   00002000  00000000  00002000  RWIX
  DARAM4                00008000   00002000  00000000  00002000  RWIX
  DARAM5                0000a000   00002000  00000032  00001fce  RWIX
  DARAM6                0000c000   00002000  00000000  00002000  RWIX
  DARAM7                0000e000   00002000  00000000  00002000  RWIX
  SARAM0                00010000   00002000  000007cd  00001833  RWIX
  SARAM1                00012000   00002000  00000000  00002000  RWIX
  SARAM2                00014000   00002000  00000000  00002000  RWIX
  SARAM3                00016000   00002000  00000000  00002000  RWIX
  SARAM4                00018000   00002000  00000000  00002000  RWIX
  SARAM5                0001a000   00002000  00000000  00002000  RWIX
  SARAM6                0001c000   00002000  00000000  00002000  RWIX
  SARAM7                0001e000   00002000  00000000  00002000  RWIX
  SARAM8                00020000   00002000  00000000  00002000  RWIX
  SARAM9                00022000   00002000  00000000  00002000  RWIX
  SARAM10               00024000   00002000  00000000  00002000  RWIX
  SARAM11               00026000   00002000  00000000  00002000  RWIX
  SARAM12               00028000   00002000  00000000  00002000  RWIX
  SARAM13               0002a000   00002000  00000000  00002000  RWIX
  SARAM14               0002c000   00002000  00000000  00002000  RWIX
  SARAM15               0002e000   00002000  00000000  00002000  RWIX
  SARAM16               00030000   00002000  00000000  00002000  RWIX
  SARAM17               00032000   00002000  00000000  00002000  RWIX
  SARAM18               00034000   00002000  00000000  00002000  RWIX
  SARAM19               00036000   00002000  00000000  00002000  RWIX
  SARAM20               00038000   00002000  00000000  00002000  RWIX
  SARAM21               0003a000   00002000  00000000  00002000  RWIX
  SARAM22               0003c000   00002000  00000000  00002000  RWIX
  SARAM23               0003e000   00002000  00000000  00002000  RWIX
  SARAM24               00040000   00002000  00000000  00002000  RWIX
  SARAM25               00042000   00002000  00000000  00002000  RWIX
  SARAM26               00044000   00002000  00000000  00002000  RWIX
  SARAM27               00046000   00002000  00000000  00002000  RWIX
  SARAM28               00048000   00002000  00000000  00002000  RWIX
  SARAM29               0004a000   00002000  00000000  00002000  RWIX
  SARAM30               0004c000   00002000  00000000  00002000  RWIX
  SARAM31               0004e000   00002000  00000000  00002000  RWIX
  CS0                   00050000   007b0000  00000000  007b0000  RWIX
  CS2                   00800000   00400000  00000000  00400000  RWIX
  CS3                   00c00000   00200000  00000000  00200000  RWIX
  CS4                   00e00000   00100000  00000000  00100000  RWIX
  CS5                   00f00000   000e0000  00000000  000e0000  RWIX
  ROM                   00fe0000   0001ff00  00000000  0001ff00  RWIX
  VECS                  00ffff00   00000100  00000100  00000000  RWIX


SECTION ALLOCATION MAP
(Addresses surrounded by []'s are displayed for convenience only!)

output                                                          attributes/
section   page  orgn(bytes) orgn(words) len(bytes) len(words)   input sections
--------  ----  ----------- ----------- ---------- ----------   --------------
.stack       0   [ 000000c0 ]  00000060          *   00000100   UNINITIALIZED
                 [ 000000c0 ]  00000060          *   00000100   --HOLE--

.sysstack 
*            0   [ 000002c0 ]  00000160          *   00000100   UNINITIALIZED
                 [ 000002c0 ]  00000160          *   00000100   --HOLE--

.cinit       0   [ 000004c0 ]  00000260          *   00000031   
                 [ 000004c0 ]  00000260          *   00000018   main.obj (.cinit)
                 [ 000004f0 ]  00000278          *   0000000a   rts55x.lib : _lock.obj (.cinit)
                 [ 00000504 ]  00000282          *   0000000a              : exit.obj (.cinit)
                 [ 00000518 ]  0000028c          *   00000004   usbstk5515bsl.lib : usbstk5515_i2c.obj (.cinit)
                 [ 00000520 ]  00000290          *   00000001   --HOLE-- [fill = 0]

.const       0   [ 00000522 ]  00000291          *   00000020   
                 [ 00000522 ]  00000291          *   00000020   main.obj (.const:_$P$T0$1)

.data        0   [ 00008000 ]  00004000          *   00000000   UNINITIALIZED

.bss         0   [ 0000a000 ]  00005000          *   00000019   UNINITIALIZED
                 [ 0000a000 ]  00005000          *   00000010   main.obj (.bss)
                 [ 0000a020 ]  00005010          *   00000004   rts55x.lib : _lock.obj (.bss)
                 [ 0000a028 ]  00005014          *   00000004              : exit.obj (.bss)
                 [ 0000a030 ]  00005018          *   00000001   usbstk5515bsl.lib : usbstk5515_i2c.obj (.bss)

.text        0     00010000  [ 00008000 ] 000007cd          *   
                   00010000  [ 00008000 ] 0000033b          *   main.obj (.text)
                   0001033b  [ 0000819d+] 00000156          *   usbstk5515bsl.lib : usbstk5515_gpio.obj (.text)
                   00010491  [ 00008248+] 0000014c          *                     : usbstk5515_i2c.obj (.text)
                   000105dd  [ 000082ee+] 00000076          *   aic3204_test.obj (.text)
                   00010653  [ 00008329+] 00000054          *   usbstk5515bsl.lib : usbstk5515.obj (.text)
                   000106a7  [ 00008353+] 0000004d          *   rts55x.lib : autoinit.obj (.text)
                   000106f4  [ 0000837a ] 0000004b          *              : args_main.obj (.text)
                   0001073f  [ 0000839f+] 0000003e          *              : exit.obj (.text)
                   0001077d  [ 000083be+] 00000034          *              : boot.obj (.text)
                   000107b1  [ 000083d8+] 00000012          *              : _lock.obj (.text)
                   000107c3  [ 000083e1+] 00000007          *              : exit.obj (.text:CIO_breakpoint)
                   000107ca  [ 000083e5 ] 00000002          *              : vectors.obj (.text)
                   000107cc  [ 000083e6 ] 00000001          *   --HOLE-- [fill = 20]

vectors      0     00ffff00  [ 007fff80 ] 00000100          *   NOLOAD SECTION
                   00ffff00  [ 007fff80 ] 00000100          *   rts55x.lib : vectors.obj (vectors)


GLOBAL SYMBOLS: SORTED ALPHABETICALLY BY Name 

abs. value/
byte addr   word addr   name
---------   ---------   ----
00000002                $TI_capability$C5500$CallingConvention
00000002                $TI_capability$C5500$MemoryModel
00000001                $TI_capability_requires_rev2
            00005000    .bss
            00004000    .data
ffffffff                .text
000107c4                C$$EXIT
000105dd                _AIC3204_rget
0001062e                _AIC3204_rset
            0000500e    _Kf
00ffff00                _Reset
00010439                _USBSTK5515_GPIO_getInput
0001033b                _USBSTK5515_GPIO_init
0001033f                _USBSTK5515_GPIO_setDirection
000103bc                _USBSTK5515_GPIO_setOutput
000104b0                _USBSTK5515_I2C_close
00010491                _USBSTK5515_I2C_init
0001055d                _USBSTK5515_I2C_read
000104b9                _USBSTK5515_I2C_reset
000104c7                _USBSTK5515_I2C_write
00010699                _USBSTK5515_init
00010653                _USBSTK5515_wait
00010687                _USBSTK5515_waitusec
            00000160    __STACK_END
00000200                __STACK_SIZE
00000200                __SYSSTACK_SIZE
00000001                __TI_args_main
ffffffff                ___binit__
            00005000    ___bss__
ffffffff                ___c_args__
            00000260    ___cinit__
            00004000    ___data__
            00004000    ___edata__
            00005019    ___end__
ffffffff                ___etext__
ffffffff                ___pinit__
ffffffff                ___text__
000106f4                __args_main
            00005014    __cleanup_ptr
            00005016    __dtors_ptr
            00005010    __lock
000107c1                __nop
000107b9                __register_lock
000107b1                __register_unlock
            00000060    __stack
            00000160    __sysstack
            00005012    __unlock
000107c3                _abort
000106a7                _auto_init
0001077d                _c_int00
            00005006    _e
            0000500f    _ef
0001073f                _exit
            00005008    _f
            00005009    _gain
            00005007    _i
            00005018    _i2c_timeout
0001021e                _iir_filter
0001028b                _loop_filter
00010000                _main
000102b3                _nco
            0000500d    _ramp
            00005003    _xn
            00005004    _xn1
            00005005    _xn2
            0000500a    _y
            0000500b    _y1
            0000500c    _y2
            00005000    _yn
            00005001    _yn1
            00005002    _yn2
ffffffff                binit
            00000260    cinit
            00004000    edata
            00005019    end
ffffffff                etext
ffffffff                pinit


GLOBAL SYMBOLS: SORTED BY Symbol Address 

abs. value/
byte addr   word addr   name
---------   ---------   ----
00000001                $TI_capability_requires_rev2
00000001                __TI_args_main
00000002                $TI_capability$C5500$CallingConvention
00000002                $TI_capability$C5500$MemoryModel
            00000060    __stack
00000200                __STACK_SIZE
00000200                __SYSSTACK_SIZE
            00000160    __STACK_END
            00000160    __sysstack
            00000260    ___cinit__
            00000260    cinit
            00004000    .data
            00004000    ___data__
            00004000    ___edata__
            00004000    edata
            00005000    .bss
            00005000    ___bss__
            00005000    _yn
            00005001    _yn1
            00005002    _yn2
            00005003    _xn
            00005004    _xn1
            00005005    _xn2
            00005006    _e
            00005007    _i
            00005008    _f
            00005009    _gain
            0000500a    _y
            0000500b    _y1
            0000500c    _y2
            0000500d    _ramp
            0000500e    _Kf
            0000500f    _ef
            00005010    __lock
            00005012    __unlock
            00005014    __cleanup_ptr
            00005016    __dtors_ptr
            00005018    _i2c_timeout
            00005019    ___end__
            00005019    end
00010000                _main
0001021e                _iir_filter
0001028b                _loop_filter
000102b3                _nco
0001033b                _USBSTK5515_GPIO_init
0001033f                _USBSTK5515_GPIO_setDirection
000103bc                _USBSTK5515_GPIO_setOutput
00010439                _USBSTK5515_GPIO_getInput
00010491                _USBSTK5515_I2C_init
000104b0                _USBSTK5515_I2C_close
000104b9                _USBSTK5515_I2C_reset
000104c7                _USBSTK5515_I2C_write
0001055d                _USBSTK5515_I2C_read
000105dd                _AIC3204_rget
0001062e                _AIC3204_rset
00010653                _USBSTK5515_wait
00010687                _USBSTK5515_waitusec
00010699                _USBSTK5515_init
000106a7                _auto_init
000106f4                __args_main
0001073f                _exit
0001077d                _c_int00
000107b1                __register_unlock
000107b9                __register_lock
000107c1                __nop
000107c3                _abort
000107c4                C$$EXIT
00ffff00                _Reset
ffffffff                .text
ffffffff                ___binit__
ffffffff                ___c_args__
ffffffff                ___etext__
ffffffff                ___pinit__
ffffffff                ___text__
ffffffff                binit
ffffffff                etext
ffffffff                pinit

[77 symbols]
