******************************************************************************
              TMS320C55x Linker PC v4.4.1                      
******************************************************************************
>> Linked Tue Mar 28 19:02:21 2023

OUTPUT FILE NAME:   <group2.out>
ENTRY POINT SYMBOL: "_c_int00"  address: 000107f7


MEMORY CONFIGURATION

         name            origin    length      used     unused   attr    fill
                        (bytes)   (bytes)    (bytes)   (bytes)
----------------------  --------  ---------  --------  --------  ----  --------
  MMR                   00000000   000000c0  00000000  000000c0  RWIX
  DARAM0                000000c0   00001f40  00000494  00001aac  RWIX
  DARAM1                00002000   00002000  00000000  00002000  RWIX
  DARAM2                00004000   00002000  00000000  00002000  RWIX
  DARAM3                00006000   00002000  00000000  00002000  RWIX
  DARAM4                00008000   00002000  00000000  00002000  RWIX
  DARAM5                0000a000   00002000  00000032  00001fce  RWIX
  DARAM6                0000c000   00002000  00000000  00002000  RWIX
  DARAM7                0000e000   00002000  00000000  00002000  RWIX
  SARAM0                00010000   00002000  0000085a  000017a6  RWIX
  SARAM1                00012000   00002000  00000000  00002000  RWIX
  SARAM2                00014000   00002000  00000000  00002000  RWIX
  SARAM3                00016000   00002000  00000000  00002000  RWIX
  SARAM4                00018000   00002000  00000000  00002000  RWIX
  SARAM5                0001a000   00002000  00000000  00002000  RWIX
  SARAM6                0001c000   00002000  00000000  00002000  RWIX
  SARAM7                0001e000   00002000  00000000  00002000  RWIX
  SARAM8                00020000   00002000  00000000  00002000  RWIX
  SARAM9                00022000   00002000  00000000  00002000  RWIX
  SARAM10               00024000   00002000  00000000  00002000  RWIX
  SARAM11               00026000   00002000  00000000  00002000  RWIX
  SARAM12               00028000   00002000  00000000  00002000  RWIX
  SARAM13               0002a000   00002000  00000000  00002000  RWIX
  SARAM14               0002c000   00002000  00000000  00002000  RWIX
  SARAM15               0002e000   00002000  00000000  00002000  RWIX
  SARAM16               00030000   00002000  00000000  00002000  RWIX
  SARAM17               00032000   00002000  00000000  00002000  RWIX
  SARAM18               00034000   00002000  00000000  00002000  RWIX
  SARAM19               00036000   00002000  00000000  00002000  RWIX
  SARAM20               00038000   00002000  00000000  00002000  RWIX
  SARAM21               0003a000   00002000  00000000  00002000  RWIX
  SARAM22               0003c000   00002000  00000000  00002000  RWIX
  SARAM23               0003e000   00002000  00000000  00002000  RWIX
  SARAM24               00040000   00002000  00000000  00002000  RWIX
  SARAM25               00042000   00002000  00000000  00002000  RWIX
  SARAM26               00044000   00002000  00000000  00002000  RWIX
  SARAM27               00046000   00002000  00000000  00002000  RWIX
  SARAM28               00048000   00002000  00000000  00002000  RWIX
  SARAM29               0004a000   00002000  00000000  00002000  RWIX
  SARAM30               0004c000   00002000  00000000  00002000  RWIX
  SARAM31               0004e000   00002000  00000000  00002000  RWIX
  CS0                   00050000   007b0000  00000000  007b0000  RWIX
  CS2                   00800000   00400000  00000000  00400000  RWIX
  CS3                   00c00000   00200000  00000000  00200000  RWIX
  CS4                   00e00000   00100000  00000000  00100000  RWIX
  CS5                   00f00000   000e0000  00000000  000e0000  RWIX
  ROM                   00fe0000   0001ff00  00000000  0001ff00  RWIX
  VECS                  00ffff00   00000100  00000100  00000000  RWIX


SECTION ALLOCATION MAP
(Addresses surrounded by []'s are displayed for convenience only!)

output                                                          attributes/
section   page  orgn(bytes) orgn(words) len(bytes) len(words)   input sections
--------  ----  ----------- ----------- ---------- ----------   --------------
.stack       0   [ 000000c0 ]  00000060          *   00000100   UNINITIALIZED
                 [ 000000c0 ]  00000060          *   00000100   --HOLE--

.sysstack 
*            0   [ 000002c0 ]  00000160          *   00000100   UNINITIALIZED
                 [ 000002c0 ]  00000160          *   00000100   --HOLE--

.cinit       0   [ 000004c0 ]  00000260          *   00000029   
                 [ 000004c0 ]  00000260          *   00000010   main.obj (.cinit)
                 [ 000004e0 ]  00000270          *   0000000a   rts55x.lib : _lock.obj (.cinit)
                 [ 000004f4 ]  0000027a          *   0000000a              : exit.obj (.cinit)
                 [ 00000508 ]  00000284          *   00000004   usbstk5515bsl.lib : usbstk5515_i2c.obj (.cinit)
                 [ 00000510 ]  00000288          *   00000001   --HOLE-- [fill = 0]

.const       0   [ 00000512 ]  00000289          *   00000021   
                 [ 00000512 ]  00000289          *   00000021   main.obj (.const:_$P$T0$5)

.data        0   [ 00008000 ]  00004000          *   00000000   UNINITIALIZED

.bss         0   [ 0000a000 ]  00005000          *   00000019   UNINITIALIZED
                 [ 0000a000 ]  00005000          *   00000010   main.obj (.bss)
                 [ 0000a020 ]  00005010          *   00000004   rts55x.lib : _lock.obj (.bss)
                 [ 0000a028 ]  00005014          *   00000004              : exit.obj (.bss)
                 [ 0000a030 ]  00005018          *   00000001   usbstk5515bsl.lib : usbstk5515_i2c.obj (.bss)

.text        0     00010000  [ 00008000 ] 0000085a          *   
                   00010000  [ 00008000 ] 000003b5          *   main.obj (.text)
                   000103b5  [ 000081da+] 00000156          *   usbstk5515bsl.lib : usbstk5515_gpio.obj (.text)
                   0001050b  [ 00008285+] 0000014c          *                     : usbstk5515_i2c.obj (.text)
                   00010657  [ 0000832b+] 00000076          *   aic3204_test.obj (.text)
                   000106cd  [ 00008366+] 00000054          *   usbstk5515bsl.lib : usbstk5515.obj (.text)
                   00010721  [ 00008390+] 0000004d          *   rts55x.lib : autoinit.obj (.text)
                   0001076e  [ 000083b7 ] 0000004b          *              : args_main.obj (.text)
                   000107b9  [ 000083dc+] 0000003e          *              : exit.obj (.text)
                   000107f7  [ 000083fb+] 00000034          *              : boot.obj (.text)
                   0001082b  [ 00008415+] 00000013          *              : lmpy.obj (.text)
                   0001083e  [ 0000841f ] 00000012          *              : _lock.obj (.text)
                   00010850  [ 00008428 ] 00000007          *              : exit.obj (.text:CIO_breakpoint)
                   00010857  [ 0000842b+] 00000002          *              : vectors.obj (.text)
                   00010859  [ 0000842c ] 00000001          *   --HOLE-- [fill = 20]

vectors      0     00ffff00  [ 007fff80 ] 00000100          *   NOLOAD SECTION
                   00ffff00  [ 007fff80 ] 00000100          *   rts55x.lib : vectors.obj (vectors)


GLOBAL SYMBOLS: SORTED ALPHABETICALLY BY Name 

abs. value/
byte addr   word addr   name
---------   ---------   ----
00000002                $TI_capability$C5500$CallingConvention
00000002                $TI_capability$C5500$MemoryModel
00000001                $TI_capability_requires_rev2
            00005000    .bss
            00004000    .data
ffffffff                .text
00010851                C$$EXIT
0001082b                I$$LMPY
00010657                _AIC3204_rget
000106a8                _AIC3204_rset
            0000500a    _Kf
00ffff00                _Reset
000104b3                _USBSTK5515_GPIO_getInput
000103b5                _USBSTK5515_GPIO_init
000103b9                _USBSTK5515_GPIO_setDirection
00010436                _USBSTK5515_GPIO_setOutput
0001052a                _USBSTK5515_I2C_close
0001050b                _USBSTK5515_I2C_init
000105d7                _USBSTK5515_I2C_read
00010533                _USBSTK5515_I2C_reset
00010541                _USBSTK5515_I2C_write
00010713                _USBSTK5515_init
000106cd                _USBSTK5515_wait
00010701                _USBSTK5515_waitusec
            00000160    __STACK_END
00000200                __STACK_SIZE
00000200                __SYSSTACK_SIZE
00000001                __TI_args_main
ffffffff                ___binit__
            00005000    ___bss__
ffffffff                ___c_args__
            00000260    ___cinit__
            00004000    ___data__
            00004000    ___edata__
            00005019    ___end__
ffffffff                ___etext__
ffffffff                ___pinit__
ffffffff                ___text__
0001076e                __args_main
            00005014    __cleanup_ptr
            00005016    __dtors_ptr
            00005010    __lock
0001082b                __mpyli
0001084e                __nop
00010846                __register_lock
0001083e                __register_unlock
            00000060    __stack
            00000160    __sysstack
            00005012    __unlock
00010850                _abort
00010721                _auto_init
000107f7                _c_int00
000101e3                _dsk_config
            00005002    _e
            0000500b    _ef
000107b9                _exit
            00005004    _f
            00005005    _gain
            00005003    _i
            00005018    _i2c_timeout
00010078                _iir_filter
00010109                _loop_filter
00010000                _main
00010131                _nco
000101cd                _phase_detector
            00005009    _ramp
            00005000    _xn
            00005006    _y
            00005007    _y1
            00005008    _y2
            00005001    _yn
ffffffff                binit
            00000260    cinit
            00004000    edata
            00005019    end
ffffffff                etext
ffffffff                pinit


GLOBAL SYMBOLS: SORTED BY Symbol Address 

abs. value/
byte addr   word addr   name
---------   ---------   ----
00000001                $TI_capability_requires_rev2
00000001                __TI_args_main
00000002                $TI_capability$C5500$CallingConvention
00000002                $TI_capability$C5500$MemoryModel
            00000060    __stack
00000200                __STACK_SIZE
00000200                __SYSSTACK_SIZE
            00000160    __STACK_END
            00000160    __sysstack
            00000260    ___cinit__
            00000260    cinit
            00004000    .data
            00004000    ___data__
            00004000    ___edata__
            00004000    edata
            00005000    .bss
            00005000    ___bss__
            00005000    _xn
            00005001    _yn
            00005002    _e
            00005003    _i
            00005004    _f
            00005005    _gain
            00005006    _y
            00005007    _y1
            00005008    _y2
            00005009    _ramp
            0000500a    _Kf
            0000500b    _ef
            00005010    __lock
            00005012    __unlock
            00005014    __cleanup_ptr
            00005016    __dtors_ptr
            00005018    _i2c_timeout
            00005019    ___end__
            00005019    end
00010000                _main
00010078                _iir_filter
00010109                _loop_filter
00010131                _nco
000101cd                _phase_detector
000101e3                _dsk_config
000103b5                _USBSTK5515_GPIO_init
000103b9                _USBSTK5515_GPIO_setDirection
00010436                _USBSTK5515_GPIO_setOutput
000104b3                _USBSTK5515_GPIO_getInput
0001050b                _USBSTK5515_I2C_init
0001052a                _USBSTK5515_I2C_close
00010533                _USBSTK5515_I2C_reset
00010541                _USBSTK5515_I2C_write
000105d7                _USBSTK5515_I2C_read
00010657                _AIC3204_rget
000106a8                _AIC3204_rset
000106cd                _USBSTK5515_wait
00010701                _USBSTK5515_waitusec
00010713                _USBSTK5515_init
00010721                _auto_init
0001076e                __args_main
000107b9                _exit
000107f7                _c_int00
0001082b                I$$LMPY
0001082b                __mpyli
0001083e                __register_unlock
00010846                __register_lock
0001084e                __nop
00010850                _abort
00010851                C$$EXIT
00ffff00                _Reset
ffffffff                .text
ffffffff                ___binit__
ffffffff                ___c_args__
ffffffff                ___etext__
ffffffff                ___pinit__
ffffffff                ___text__
ffffffff                binit
ffffffff                etext
ffffffff                pinit

[77 symbols]
