******************************************************************************
              TMS320C55x Linker PC v4.4.1                      
******************************************************************************
>> Linked Thu Apr 13 19:12:11 2023

OUTPUT FILE NAME:   <group2.out>
ENTRY POINT SYMBOL: "_c_int00"  address: 0001096f


MEMORY CONFIGURATION

         name            origin    length      used     unused   attr    fill
                        (bytes)   (bytes)    (bytes)   (bytes)
----------------------  --------  ---------  --------  --------  ----  --------
  MMR                   00000000   000000c0  00000000  000000c0  RWIX
  DARAM0                000000c0   00001f40  0000051a  00001a26  RWIX
  DARAM1                00002000   00002000  00000000  00002000  RWIX
  DARAM2                00004000   00002000  00000000  00002000  RWIX
  DARAM3                00006000   00002000  00000000  00002000  RWIX
  DARAM4                00008000   00002000  00000000  00002000  RWIX
  DARAM5                0000a000   00002000  00000046  00001fba  RWIX
  DARAM6                0000c000   00002000  00000000  00002000  RWIX
  DARAM7                0000e000   00002000  00000000  00002000  RWIX
  SARAM0                00010000   00002000  000009d2  0000162e  RWIX
  SARAM1                00012000   00002000  00000000  00002000  RWIX
  SARAM2                00014000   00002000  00000000  00002000  RWIX
  SARAM3                00016000   00002000  00000000  00002000  RWIX
  SARAM4                00018000   00002000  00000000  00002000  RWIX
  SARAM5                0001a000   00002000  00000000  00002000  RWIX
  SARAM6                0001c000   00002000  00000000  00002000  RWIX
  SARAM7                0001e000   00002000  00000000  00002000  RWIX
  SARAM8                00020000   00002000  00000000  00002000  RWIX
  SARAM9                00022000   00002000  00000000  00002000  RWIX
  SARAM10               00024000   00002000  00000000  00002000  RWIX
  SARAM11               00026000   00002000  00000000  00002000  RWIX
  SARAM12               00028000   00002000  00000000  00002000  RWIX
  SARAM13               0002a000   00002000  00000000  00002000  RWIX
  SARAM14               0002c000   00002000  00000000  00002000  RWIX
  SARAM15               0002e000   00002000  00000000  00002000  RWIX
  SARAM16               00030000   00002000  00000000  00002000  RWIX
  SARAM17               00032000   00002000  00000000  00002000  RWIX
  SARAM18               00034000   00002000  00000000  00002000  RWIX
  SARAM19               00036000   00002000  00000000  00002000  RWIX
  SARAM20               00038000   00002000  00000000  00002000  RWIX
  SARAM21               0003a000   00002000  00000000  00002000  RWIX
  SARAM22               0003c000   00002000  00000000  00002000  RWIX
  SARAM23               0003e000   00002000  00000000  00002000  RWIX
  SARAM24               00040000   00002000  00000000  00002000  RWIX
  SARAM25               00042000   00002000  00000000  00002000  RWIX
  SARAM26               00044000   00002000  00000000  00002000  RWIX
  SARAM27               00046000   00002000  00000000  00002000  RWIX
  SARAM28               00048000   00002000  00000000  00002000  RWIX
  SARAM29               0004a000   00002000  00000000  00002000  RWIX
  SARAM30               0004c000   00002000  00000000  00002000  RWIX
  SARAM31               0004e000   00002000  00000000  00002000  RWIX
  CS0                   00050000   007b0000  00000000  007b0000  RWIX
  CS2                   00800000   00400000  00000000  00400000  RWIX
  CS3                   00c00000   00200000  00000000  00200000  RWIX
  CS4                   00e00000   00100000  00000000  00100000  RWIX
  CS5                   00f00000   000e0000  00000000  000e0000  RWIX
  ROM                   00fe0000   0001ff00  00000000  0001ff00  RWIX
  VECS                  00ffff00   00000100  00000100  00000000  RWIX


SECTION ALLOCATION MAP
(Addresses surrounded by []'s are displayed for convenience only!)

output                                                          attributes/
section   page  orgn(bytes) orgn(words) len(bytes) len(words)   input sections
--------  ----  ----------- ----------- ---------- ----------   --------------
.stack       0   [ 000000c0 ]  00000060          *   00000100   UNINITIALIZED
                 [ 000000c0 ]  00000060          *   00000100   --HOLE--

.sysstack 
*            0   [ 000002c0 ]  00000160          *   00000100   UNINITIALIZED
                 [ 000002c0 ]  00000160          *   00000100   --HOLE--

.cinit       0   [ 000004c0 ]  00000260          *   0000004b   
                 [ 000004c0 ]  00000260          *   00000032   main.obj (.cinit)
                 [ 00000524 ]  00000292          *   0000000a   rts55x.lib : _lock.obj (.cinit)
                 [ 00000538 ]  0000029c          *   0000000a              : exit.obj (.cinit)
                 [ 0000054c ]  000002a6          *   00000004   usbstk5515bsl.lib : usbstk5515_i2c.obj (.cinit)
                 [ 00000554 ]  000002aa          *   00000001   --HOLE-- [fill = 0]

.const       0   [ 00000556 ]  000002ab          *   00000042   
                 [ 00000556 ]  000002ab          *   00000021   main.obj (.const:_$P$T0$5)
                 [ 00000598 ]  000002cc          *   00000021   main.obj (.const:_$P$T1$10)

.data        0   [ 00008000 ]  00004000          *   00000000   UNINITIALIZED

.bss         0   [ 0000a000 ]  00005000          *   00000023   UNINITIALIZED
                 [ 0000a000 ]  00005000          *   0000001a   main.obj (.bss)
                 [ 0000a034 ]  0000501a          *   00000004   rts55x.lib : _lock.obj (.bss)
                 [ 0000a03c ]  0000501e          *   00000004              : exit.obj (.bss)
                 [ 0000a044 ]  00005022          *   00000001   usbstk5515bsl.lib : usbstk5515_i2c.obj (.bss)

.text        0     00010000  [ 00008000 ] 000009d2          *   
                   00010000  [ 00008000 ] 0000052d          *   main.obj (.text)
                   0001052d  [ 00008296+] 00000156          *   usbstk5515bsl.lib : usbstk5515_gpio.obj (.text)
                   00010683  [ 00008341+] 0000014c          *                     : usbstk5515_i2c.obj (.text)
                   000107cf  [ 000083e7+] 00000076          *   aic3204_test.obj (.text)
                   00010845  [ 00008422+] 00000054          *   usbstk5515bsl.lib : usbstk5515.obj (.text)
                   00010899  [ 0000844c+] 0000004d          *   rts55x.lib : autoinit.obj (.text)
                   000108e6  [ 00008473 ] 0000004b          *              : args_main.obj (.text)
                   00010931  [ 00008498+] 0000003e          *              : exit.obj (.text)
                   0001096f  [ 000084b7+] 00000034          *              : boot.obj (.text)
                   000109a3  [ 000084d1+] 00000013          *              : lmpy.obj (.text)
                   000109b6  [ 000084db ] 00000012          *              : _lock.obj (.text)
                   000109c8  [ 000084e4 ] 00000007          *              : exit.obj (.text:CIO_breakpoint)
                   000109cf  [ 000084e7+] 00000002          *              : vectors.obj (.text)
                   000109d1  [ 000084e8 ] 00000001          *   --HOLE-- [fill = 20]

vectors      0     00ffff00  [ 007fff80 ] 00000100          *   NOLOAD SECTION
                   00ffff00  [ 007fff80 ] 00000100          *   rts55x.lib : vectors.obj (vectors)


GLOBAL SYMBOLS: SORTED ALPHABETICALLY BY Name 

abs. value/
byte addr   word addr   name
---------   ---------   ----
00000002                $TI_capability$C5500$CallingConvention
00000002                $TI_capability$C5500$MemoryModel
00000001                $TI_capability_requires_rev2
            00005000    .bss
            00004000    .data
ffffffff                .text
000109c9                C$$EXIT
000109a3                I$$LMPY
000107cf                _AIC3204_rget
00010820                _AIC3204_rset
00ffff00                _Reset
0001062b                _USBSTK5515_GPIO_getInput
0001052d                _USBSTK5515_GPIO_init
00010531                _USBSTK5515_GPIO_setDirection
000105ae                _USBSTK5515_GPIO_setOutput
000106a2                _USBSTK5515_I2C_close
00010683                _USBSTK5515_I2C_init
0001074f                _USBSTK5515_I2C_read
000106ab                _USBSTK5515_I2C_reset
000106b9                _USBSTK5515_I2C_write
0001088b                _USBSTK5515_init
00010845                _USBSTK5515_wait
00010879                _USBSTK5515_waitusec
            00000160    __STACK_END
00000200                __STACK_SIZE
00000200                __SYSSTACK_SIZE
00000001                __TI_args_main
ffffffff                ___binit__
            00005000    ___bss__
ffffffff                ___c_args__
            00000260    ___cinit__
            00004000    ___data__
            00004000    ___edata__
            00005023    ___end__
ffffffff                ___etext__
ffffffff                ___pinit__
ffffffff                ___text__
000108e6                __args_main
            0000501e    __cleanup_ptr
            00005020    __dtors_ptr
            0000501a    __lock
000109a3                __mpyli
000109c6                __nop
000109be                __register_lock
000109b6                __register_unlock
            00000060    __stack
            00000160    __sysstack
            0000501c    __unlock
000109c8                _abort
00010899                _auto_init
            0000500a    _beta
0001096f                _c_int00
00010345                _cic_filter
0001031f                _comb
000102ed                _decimator_and_comb
0001035b                _dsk_config
00010931                _exit
            00005004    _f
            00005005    _gain
            00005003    _i
            00005022    _i2c_timeout
0001008c                _iir_filter
0001016c                _iir_filter_test
000102d1                _integrator
000101f7                _loop_filter
00010000                _main
0001021f                _nco
000102bb                _phase_detector
            00005009    _ramp
            00005000    _test
            00005001    _xn
            00005006    _y
            00005007    _y1
            00005008    _y2
            00005002    _yn
ffffffff                binit
            00000260    cinit
            00004000    edata
            00005023    end
ffffffff                etext
ffffffff                pinit


GLOBAL SYMBOLS: SORTED BY Symbol Address 

abs. value/
byte addr   word addr   name
---------   ---------   ----
00000001                $TI_capability_requires_rev2
00000001                __TI_args_main
00000002                $TI_capability$C5500$CallingConvention
00000002                $TI_capability$C5500$MemoryModel
            00000060    __stack
00000200                __STACK_SIZE
00000200                __SYSSTACK_SIZE
            00000160    __STACK_END
            00000160    __sysstack
            00000260    ___cinit__
            00000260    cinit
            00004000    .data
            00004000    ___data__
            00004000    ___edata__
            00004000    edata
            00005000    .bss
            00005000    ___bss__
            00005000    _test
            00005001    _xn
            00005002    _yn
            00005003    _i
            00005004    _f
            00005005    _gain
            00005006    _y
            00005007    _y1
            00005008    _y2
            00005009    _ramp
            0000500a    _beta
            0000501a    __lock
            0000501c    __unlock
            0000501e    __cleanup_ptr
            00005020    __dtors_ptr
            00005022    _i2c_timeout
            00005023    ___end__
            00005023    end
00010000                _main
0001008c                _iir_filter
0001016c                _iir_filter_test
000101f7                _loop_filter
0001021f                _nco
000102bb                _phase_detector
000102d1                _integrator
000102ed                _decimator_and_comb
0001031f                _comb
00010345                _cic_filter
0001035b                _dsk_config
0001052d                _USBSTK5515_GPIO_init
00010531                _USBSTK5515_GPIO_setDirection
000105ae                _USBSTK5515_GPIO_setOutput
0001062b                _USBSTK5515_GPIO_getInput
00010683                _USBSTK5515_I2C_init
000106a2                _USBSTK5515_I2C_close
000106ab                _USBSTK5515_I2C_reset
000106b9                _USBSTK5515_I2C_write
0001074f                _USBSTK5515_I2C_read
000107cf                _AIC3204_rget
00010820                _AIC3204_rset
00010845                _USBSTK5515_wait
00010879                _USBSTK5515_waitusec
0001088b                _USBSTK5515_init
00010899                _auto_init
000108e6                __args_main
00010931                _exit
0001096f                _c_int00
000109a3                I$$LMPY
000109a3                __mpyli
000109b6                __register_unlock
000109be                __register_lock
000109c6                __nop
000109c8                _abort
000109c9                C$$EXIT
00ffff00                _Reset
ffffffff                .text
ffffffff                ___binit__
ffffffff                ___c_args__
ffffffff                ___etext__
ffffffff                ___pinit__
ffffffff                ___text__
ffffffff                binit
ffffffff                etext
ffffffff                pinit

[81 symbols]
